BL51 BANKED LINKER/LOCATER V6.22                                                        11/22/2021  16:10:04  PAGE 1


BL51 BANKED LINKER/LOCATER V6.22, INVOKED BY:
C:\KEIL_V5\C51\BIN\BL51.EXE .\Objects\test.obj TO .\Objects\test PRINT (.\Listings\test.m51) RAMSIZE (256)


MEMORY MODEL: SMALL WITH FLOATING POINT ARITHMETIC


INPUT MODULES INCLUDED:
  .\Objects\test.obj (TEST)
  C:\KEIL_V5\C51\LIB\C51FPS.LIB (?C?FPDIV)
  C:\KEIL_V5\C51\LIB\C51FPS.LIB (?C?FCAST)
  C:\KEIL_V5\C51\LIB\C51FPS.LIB (?C?CASTF)
  C:\KEIL_V5\C51\LIB\C51FPS.LIB (?C?FPGETOPN)
  C:\KEIL_V5\C51\LIB\C51S.LIB (?C_STARTUP)
  C:\KEIL_V5\C51\LIB\C51S.LIB (?C?CLDOPTR)
  C:\KEIL_V5\C51\LIB\C51S.LIB (?C?UIDIV)
  C:\KEIL_V5\C51\LIB\C51S.LIB (?C?SIDIV)
  C:\KEIL_V5\C51\LIB\C51S.LIB (?C?LMUL)
  C:\KEIL_V5\C51\LIB\C51S.LIB (?C?ULDIV)
  C:\KEIL_V5\C51\LIB\C51S.LIB (?C?SLDIV)
  C:\KEIL_V5\C51\LIB\C51S.LIB (?C?LNEG)
  C:\KEIL_V5\C51\LIB\C51S.LIB (?C?SLCMP)
  C:\KEIL_V5\C51\LIB\C51S.LIB (?C?ULCMP)
  C:\KEIL_V5\C51\LIB\C51S.LIB (?C?LSHL)
  C:\KEIL_V5\C51\LIB\C51S.LIB (?C?CCASE)
  C:\KEIL_V5\C51\LIB\C51S.LIB (?C_INIT)


LINK MAP OF MODULE:  .\Objects\test (TEST)


            TYPE    BASE      LENGTH    RELOCATION   SEGMENT NAME
            -----------------------------------------------------

            * * * * * * *   D A T A   M E M O R Y   * * * * * * *
            REG     0000H     0008H     ABSOLUTE     "REG BANK 0"
            DATA    0008H     0007H     UNIT         _DATA_GROUP_
            DATA    000FH     0006H     UNIT         ?DT?_CHANGE_TIME?TEST
                    0015H     000BH                  *** GAP ***
            BIT     0020H.0   0000H.2   UNIT         ?BI?TEST
            BIT     0020H.2   0000H.1   UNIT         _BIT_GROUP_
                    0020H.3   0000H.5                *** GAP ***
            DATA    0021H     0045H     UNIT         ?DT?TEST
            IDATA   0066H     0001H     UNIT         ?STACK

            * * * * * * *   C O D E   M E M O R Y   * * * * * * *
            CODE    0000H     0003H     ABSOLUTE     
            CODE    0003H     0003H     UNIT         ?PR?DELAY__HX711_US?TEST
                    0006H     0005H                  *** GAP ***
            CODE    000BH     0003H     ABSOLUTE     
            CODE    000EH     03A2H     UNIT         ?C?LIB_CODE
            CODE    03B0H     010EH     UNIT         ?PR?GET_WEIGHT?TEST
            CODE    04BEH     010BH     UNIT         ?PR?_SET_TIME?TEST
            CODE    05C9H     00D5H     UNIT         ?PR?MAIN?TEST
            CODE    069EH     00ADH     UNIT         ?PR?LCD_GUNPING?TEST
            CODE    074BH     009DH     UNIT         ?CO?TEST
            CODE    07E8H     008CH     UNIT         ?C_C51STARTUP
            CODE    0874H     0088H     UNIT         ?PR?GET_MAOPI?TEST
BL51 BANKED LINKER/LOCATER V6.22                                                      11/22/2021  16:10:04  PAGE 2


            CODE    08FCH     007EH     UNIT         ?PR?MIAOBIAODISPLAY?TEST
            CODE    097AH     0078H     UNIT         ?PR?DISPLAY_WEIGHT?TEST
            CODE    09F2H     0075H     UNIT         ?PR?KEYPRO?TEST
            CODE    0A67H     005BH     UNIT         ?PR?LCD_TIMEDISPALY?TEST
            CODE    0AC2H     005AH     UNIT         ?C_INITSEG
            CODE    0B1CH     0058H     UNIT         ?PR?MOTOR_ZZ?TEST
            CODE    0B74H     0058H     UNIT         ?PR?MOTOR_FZ?TEST
            CODE    0BCCH     004EH     UNIT         ?PR?DS_GET?TEST
            CODE    0C1AH     0048H     UNIT         ?PR?MODLE2?TEST
            CODE    0C62H     0048H     UNIT         ?PR?MODLE3?TEST
            CODE    0CAAH     0044H     UNIT         ?PR?_READ_DS1302?TEST
            CODE    0CEEH     0044H     UNIT         ?PR?MODLE1?TEST
            CODE    0D32H     0044H     UNIT         ?C?LDIV
            CODE    0D76H     0041H     UNIT         ?PR?QINGPING?TEST
            CODE    0DB7H     003DH     UNIT         ?PR?HX711_READ?TEST
            CODE    0DF4H     0038H     UNIT         ?PR?_LCD_WRITE?TEST
            CODE    0E2CH     0034H     UNIT         ?PR?KEYSCAN?TEST
            CODE    0E60H     0030H     UNIT         ?PR?LCD_INIT?TEST
            CODE    0E90H     002DH     UNIT         ?PR?_LCD_WDAT?TEST
            CODE    0EBDH     0028H     UNIT         ?PR?WRITE_EEPROM?TEST
            CODE    0EE5H     0024H     UNIT         ?PR?_LCD_WCMD?TEST
            CODE    0F09H     0024H     UNIT         ?PR?_WRITE_DS1302?TEST
            CODE    0F2DH     0023H     UNIT         ?PR?DS_INIT?TEST
            CODE    0F50H     0022H     UNIT         ?PR?READ_EEPROM?TEST
            CODE    0F72H     0022H     UNIT         ?PR?_DELAY1MS?TEST
            CODE    0F94H     0021H     UNIT         ?PR?_DELAY?TEST
            CODE    0FB5H     0020H     UNIT         ?PR?_LCD_POS?TEST
            CODE    0FD5H     0020H     UNIT         ?PR?_DELAY_MS?TEST
            CODE    0FF5H     001EH     UNIT         ?PR?_DELAY2?TEST
            CODE    1013H     001DH     UNIT         ?PR?TIMER0_ISR?TEST
            CODE    1030H     001CH     UNIT         ?PR?_BYTE_READ?TEST
            CODE    104CH     001CH     UNIT         ?PR?_BYTE_WRITE?TEST
            CODE    1068H     0019H     UNIT         ?PR?LCD_BUSY?TEST
            CODE    1081H     0016H     UNIT         ?PR?INIT_EEPROM?TEST
            CODE    1097H     0015H     UNIT         ?PR?_CHANGE_TIME?TEST
            CODE    10ACH     0015H     UNIT         ?PR?_SECTORERASE?TEST
            CODE    10C1H     0013H     UNIT         ?PR?_WRITE_DS1302_BYTE?TEST
            CODE    10D4H     0011H     UNIT         ?PR?YIQIAN?TEST
            CODE    10E5H     0011H     UNIT         ?PR?YIQIANER?TEST
            CODE    10F6H     0011H     UNIT         ?PR?WUKG?TEST
            CODE    1107H     0011H     UNIT         ?PR?BAKG?TEST
            CODE    1118H     000FH     UNIT         ?PR?ERSHI?TEST
            CODE    1127H     000FH     UNIT         ?PR?SANSHI?TEST
            CODE    1136H     000FH     UNIT         ?PR?SISHI?TEST
            CODE    1145H     000EH     UNIT         ?PR?TIMER0_INIT?TEST
            CODE    1153H     000CH     UNIT         ?PR?ISP_IAP_ENABLE?TEST
            CODE    115FH     000BH     UNIT         ?PR?ISPGOON?TEST
            CODE    116AH     0009H     UNIT         ?PR?ISP_IAP_DISABLE?TEST



OVERLAY MAP OF MODULE:   .\Objects\test (TEST)


SEGMENT                                BIT_GROUP          DATA_GROUP 
  +--> CALLED SEGMENT               START    LENGTH     START    LENGTH
-----------------------------------------------------------------------
BL51 BANKED LINKER/LOCATER V6.22                                                      11/22/2021  16:10:04  PAGE 3


?PR?TIMER0_ISR?TEST                 -----    -----      0008H    0001H

*** NEW ROOT ***************************************************

?C_C51STARTUP                       -----    -----      -----    -----
  +--> ?PR?MAIN?TEST
  +--> ?C_INITSEG

?PR?MAIN?TEST                       -----    -----      -----    -----
  +--> ?PR?_DELAY?TEST
  +--> ?PR?LCD_INIT?TEST
  +--> ?PR?INIT_EEPROM?TEST
  +--> ?PR?TIMER0_INIT?TEST
  +--> ?PR?GET_MAOPI?TEST
  +--> ?PR?DS_INIT?TEST
  +--> ?PR?LCD_GUNPING?TEST
  +--> ?PR?MIAOBIAODISPLAY?TEST
  +--> ?PR?LCD_TIMEDISPALY?TEST
  +--> ?PR?DS_GET?TEST
  +--> ?PR?MODLE1?TEST
  +--> ?PR?MODLE2?TEST
  +--> ?PR?MODLE3?TEST
  +--> ?CO?TEST
  +--> ?PR?_LCD_WRITE?TEST
  +--> ?PR?GET_WEIGHT?TEST
  +--> ?PR?KEYSCAN?TEST
  +--> ?PR?KEYPRO?TEST

?PR?_DELAY?TEST                     -----    -----      000EH    0001H

?PR?LCD_INIT?TEST                   -----    -----      -----    -----
  +--> ?PR?_LCD_WCMD?TEST
  +--> ?PR?_DELAY?TEST

?PR?_LCD_WCMD?TEST                  -----    -----      -----    -----
  +--> ?PR?LCD_BUSY?TEST
  +--> ?PR?_DELAY?TEST

?PR?LCD_BUSY?TEST                   0020H.2  0000H.1    -----    -----
  +--> ?PR?_DELAY?TEST

?PR?INIT_EEPROM?TEST                -----    -----      -----    -----
  +--> ?PR?READ_EEPROM?TEST
  +--> ?PR?WRITE_EEPROM?TEST

?PR?READ_EEPROM?TEST                -----    -----      -----    -----
  +--> ?PR?_BYTE_READ?TEST

?PR?_BYTE_READ?TEST                 -----    -----      -----    -----
  +--> ?PR?ISPGOON?TEST
  +--> ?PR?ISP_IAP_DISABLE?TEST

?PR?ISPGOON?TEST                    -----    -----      -----    -----
  +--> ?PR?ISP_IAP_ENABLE?TEST

?PR?WRITE_EEPROM?TEST               -----    -----      -----    -----
  +--> ?PR?_SECTORERASE?TEST
BL51 BANKED LINKER/LOCATER V6.22                                                      11/22/2021  16:10:04  PAGE 4


  +--> ?PR?_BYTE_WRITE?TEST

?PR?_SECTORERASE?TEST               -----    -----      -----    -----
  +--> ?PR?ISPGOON?TEST
  +--> ?PR?ISP_IAP_DISABLE?TEST

?PR?_BYTE_WRITE?TEST                -----    -----      -----    -----
  +--> ?PR?ISPGOON?TEST
  +--> ?PR?ISP_IAP_DISABLE?TEST

?PR?GET_MAOPI?TEST                  -----    -----      0009H    0001H
  +--> ?PR?HX711_READ?TEST
  +--> ?PR?_DELAY_MS?TEST

?PR?HX711_READ?TEST                 -----    -----      -----    -----
  +--> ?PR?DELAY__HX711_US?TEST

?PR?DS_INIT?TEST                    -----    -----      -----    -----
  +--> ?PR?_WRITE_DS1302?TEST

?PR?_WRITE_DS1302?TEST              -----    -----      -----    -----
  +--> ?PR?_WRITE_DS1302_BYTE?TEST

?PR?LCD_GUNPING?TEST                -----    -----      -----    -----
  +--> ?PR?_LCD_WCMD?TEST
  +--> ?PR?_LCD_WRITE?TEST
  +--> ?CO?TEST
  +--> ?PR?_DELAY?TEST

?PR?_LCD_WRITE?TEST                 -----    -----      0009H    0005H
  +--> ?CO?TEST
  +--> ?PR?_LCD_POS?TEST
  +--> ?PR?_LCD_WDAT?TEST

?PR?_LCD_POS?TEST                   -----    -----      -----    -----
  +--> ?PR?_LCD_WCMD?TEST

?PR?_LCD_WDAT?TEST                  -----    -----      -----    -----
  +--> ?PR?LCD_BUSY?TEST
  +--> ?PR?_DELAY?TEST

?PR?MIAOBIAODISPLAY?TEST            -----    -----      0009H    0001H
  +--> ?PR?_LCD_POS?TEST
  +--> ?PR?_LCD_WDAT?TEST
  +--> ?PR?_DELAY2?TEST
  +--> ?PR?MOTOR_ZZ?TEST
  +--> ?PR?MOTOR_FZ?TEST

?PR?MOTOR_ZZ?TEST                   -----    -----      -----    -----
  +--> ?CO?TEST
  +--> ?PR?_DELAY1MS?TEST

?PR?MOTOR_FZ?TEST                   -----    -----      -----    -----
  +--> ?CO?TEST
  +--> ?PR?_DELAY1MS?TEST

?PR?LCD_TIMEDISPALY?TEST            -----    -----      -----    -----
BL51 BANKED LINKER/LOCATER V6.22                                                      11/22/2021  16:10:04  PAGE 5


  +--> ?PR?_LCD_POS?TEST
  +--> ?PR?_LCD_WDAT?TEST

?PR?DS_GET?TEST                     -----    -----      -----    -----
  +--> ?PR?_WRITE_DS1302?TEST
  +--> ?PR?_READ_DS1302?TEST

?PR?_READ_DS1302?TEST               -----    -----      -----    -----
  +--> ?PR?_WRITE_DS1302_BYTE?TEST

?PR?MODLE1?TEST                     -----    -----      -----    -----
  +--> ?CO?TEST
  +--> ?PR?_LCD_WRITE?TEST
  +--> ?PR?MOTOR_ZZ?TEST

?PR?MODLE2?TEST                     -----    -----      -----    -----
  +--> ?CO?TEST
  +--> ?PR?_LCD_WRITE?TEST

?PR?MODLE3?TEST                     -----    -----      -----    -----
  +--> ?CO?TEST
  +--> ?PR?_LCD_WRITE?TEST

?PR?GET_WEIGHT?TEST                 -----    -----      -----    -----
  +--> ?PR?HX711_READ?TEST
  +--> ?PR?_DELAY_MS?TEST
  +--> ?PR?_LCD_POS?TEST
  +--> ?PR?_LCD_WDAT?TEST
  +--> ?PR?DISPLAY_WEIGHT?TEST

?PR?DISPLAY_WEIGHT?TEST             -----    -----      -----    -----
  +--> ?PR?_LCD_POS?TEST
  +--> ?PR?_LCD_WDAT?TEST

?PR?KEYSCAN?TEST                    -----    -----      -----    -----
  +--> ?PR?_DELAY?TEST

?PR?KEYPRO?TEST                     -----    -----      -----    -----
  +--> ?PR?KEYSCAN?TEST
  +--> ?PR?_LCD_WCMD?TEST
  +--> ?PR?MODLE1?TEST
  +--> ?PR?MODLE2?TEST
  +--> ?PR?MODLE3?TEST
  +--> ?PR?ERSHI?TEST
  +--> ?PR?YIQIAN?TEST
  +--> ?PR?WUKG?TEST
  +--> ?PR?SANSHI?TEST
  +--> ?PR?YIQIANER?TEST
  +--> ?PR?BAKG?TEST
  +--> ?PR?SISHI?TEST
  +--> ?PR?MOTOR_ZZ?TEST

?PR?ERSHI?TEST                      -----    -----      -----    -----
  +--> ?CO?TEST
  +--> ?PR?_LCD_WRITE?TEST

?PR?YIQIAN?TEST                     -----    -----      -----    -----
BL51 BANKED LINKER/LOCATER V6.22                                                      11/22/2021  16:10:04  PAGE 6


  +--> ?CO?TEST
  +--> ?PR?_LCD_WRITE?TEST

?PR?WUKG?TEST                       -----    -----      -----    -----
  +--> ?CO?TEST
  +--> ?PR?_LCD_WRITE?TEST

?PR?SANSHI?TEST                     -----    -----      -----    -----
  +--> ?CO?TEST
  +--> ?PR?_LCD_WRITE?TEST

?PR?YIQIANER?TEST                   -----    -----      -----    -----
  +--> ?CO?TEST
  +--> ?PR?_LCD_WRITE?TEST

?PR?BAKG?TEST                       -----    -----      -----    -----
  +--> ?CO?TEST
  +--> ?PR?_LCD_WRITE?TEST

?PR?SISHI?TEST                      -----    -----      -----    -----
  +--> ?CO?TEST
  +--> ?PR?_LCD_WRITE?TEST



UNRESOLVED EXTERNAL SYMBOLS:
   SYIQIANER



SYMBOL TABLE OF MODULE:  .\Objects\test (TEST)

  VALUE           TYPE          NAME
  ----------------------------------

  -------         MODULE        TEST
  C:0000H         SYMBOL        _ICE_DUMMY_
  D:0080H         PUBLIC        P0
  D:0090H         PUBLIC        P1
  C:0A67H         PUBLIC        lcd_TimeDispaly
  D:00A0H         PUBLIC        P2
  D:00B0H         PUBLIC        P3
  C:1013H         PUBLIC        Timer0_ISR
  D:00C0H         PUBLIC        P4
  D:00E6H         PUBLIC        ISP_TRIG
  B:00B0H.6       PUBLIC        DA
  D:00C8H         PUBLIC        P5
  B:0090H.0       PUBLIC        Buzzer
  B:00A8H.7       PUBLIC        EA
  C:1127H         PUBLIC        sanshi
  D:0021H         PUBLIC        wsbeep
  C:0F50H         PUBLIC        read_eeprom
  D:00A8H         PUBLIC        IE
  C:10D4H         PUBLIC        yiqian
  D:0025H         PUBLIC        pwm_motor_val
  C:069EH         PUBLIC        lcd_gunping
  C:0F98H         PUBLIC        _delay
BL51 BANKED LINKER/LOCATER V6.22                                                      11/22/2021  16:10:04  PAGE 7


  D:0026H         PUBLIC        speed
  C:0B74H         PUBLIC        Motor_FZ
  C:1107H         PUBLIC        bakg
  C:0DB7H         PUBLIC        HX711_Read
  D:00B8H         PUBLIC        IP
  D:0027H         PUBLIC        GapValue
  C:0EBDH         PUBLIC        write_eeprom
  C:1118H         PUBLIC        ershi
  B:0020H.0       PUBLIC        FlagTest
  C:08FCH         PUBLIC        miaobiaoDisplay
  D:00E5H         PUBLIC        ISP_CMD
  D:0029H         PUBLIC        a_a
  C:1136H         PUBLIC        sishi
  C:1081H         PUBLIC        init_eeprom
  C:115FH         PUBLIC        ISPgoon
  D:00D8H         PUBLIC        CCON
  C:0F7EH         PUBLIC        _delay1ms
  C:05C9H         PUBLIC        main
  C:097AH         PUBLIC        Display_Weight
  D:002AH         PUBLIC        miao
  C:0B1CH         PUBLIC        Motor_ZZ
  D:002CH         PUBLIC        pwm_t
  B:0020H.1       PUBLIC        add
  C:1145H         PUBLIC        Timer0_Init
  D:002DH         PUBLIC        week
  C:0E2CH         PUBLIC        KeyScan
  D:00E3H         PUBLIC        ISP_ADDRH
  C:0FD5H         PUBLIC        _Delay_ms
  D:002FH         PUBLIC        year
  D:0098H         PUBLIC        SCON
  C:1030H         PUBLIC        _byte_read
  D:0089H         PUBLIC        TMOD
  D:0088H         PUBLIC        TCON
  D:00E4H         PUBLIC        ISP_ADDRL
  D:0031H         PUBLIC        wait
  D:0033H         PUBLIC        temp
  D:0035H         PUBLIC        sec
  D:0037H         PUBLIC        day
  C:10F6H         PUBLIC        wukg
  D:0039H         PUBLIC        hour
  D:003BH         PUBLIC        qupi
  C:0EE5H         PUBLIC        _lcd_wcmd
  C:0DFEH         PUBLIC        _lcd_write
  C:0FF5H         PUBLIC        _delay2
  C:0CEEH         PUBLIC        modle1
  D:003DH         PUBLIC        shi
  D:003FH         PUBLIC        Weight_Maopi
  C:104CH         PUBLIC        _byte_write
  D:0043H         PUBLIC        min
  C:0C1AH         PUBLIC        modle2
  C:0C62H         PUBLIC        modle3
  C:0E9BH         PUBLIC        _lcd_wdat
  B:0090H.7       PUBLIC        LCD_EN
  D:0045H         PUBLIC        zhou
  B:00A8H.1       PUBLIC        ET0
  D:0048H         PUBLIC        GapValue1
  D:004AH         PUBLIC        mon
BL51 BANKED LINKER/LOCATER V6.22                                                      11/22/2021  16:10:04  PAGE 8


  C:0E60H         PUBLIC        lcd_init
  D:008CH         PUBLIC        TH0
  C:0F2DH         PUBLIC        Ds_init
  D:008AH         PUBLIC        TL0
  B:00B0H.5       PUBLIC        LED
  D:004CH         PUBLIC        Weight_Maopi_0
  D:00E7H         PUBLIC        ISP_CONTR
  B:0088H.4       PUBLIC        TR0
  B:0090H.2       PUBLIC        HX711_DOUT
  C:0BCCH         PUBLIC        Ds_get
  B:0090H.5       PUBLIC        LCD_RS
  C:07C8H         PUBLIC        motor_F
  C:1068H         PUBLIC        lcd_busy
  C:09F2H         PUBLIC        KeyPro
  C:0CAAH         PUBLIC        _Read_Ds1302
  B:0090H.6       PUBLIC        LCD_RW
  D:0050H         PUBLIC        Weight_Shiwu
  C:04BEH         PUBLIC        _set_time
  B:00B0H.0       PUBLIC        MOOD0
  B:00B0H.1       PUBLIC        MOOD1
  C:116AH         PUBLIC        ISP_IAP_disable
  B:00B0H.7       PUBLIC        SCK
  C:0D76H         PUBLIC        qingping
  B:0090H.1       PUBLIC        MOOD2
  B:00B0H.2       PUBLIC        MOOD3
  C:10C1H         PUBLIC        _Write_Ds1302_Byte
  C:10E5H         PUBLIC        yiqianer
  C:10ACH         PUBLIC        _SectorErase
  D:00E2H         PUBLIC        ISP_DATA
  C:0FB5H         PUBLIC        _lcd_pos
  D:0054H         PUBLIC        shijian
  C:03B0H         PUBLIC        Get_Weight
  C:0F09H         PUBLIC        _Write_Ds1302
  C:07A8H         PUBLIC        motor_Z
  D:005BH         PUBLIC        q
  C:1153H         PUBLIC        ISP_IAP_enable
  C:0003H         PUBLIC        Delay__hx711_us
  D:005DH         PUBLIC        HX711_Buffer
  B:00B0H.5       PUBLIC        RST
  D:0061H         PUBLIC        chazhi
  C:0874H         PUBLIC        Get_Maopi
  D:00D0H         PUBLIC        PSW
  C:1097H         PUBLIC        _change_time
  D:0063H         PUBLIC        K1
  B:0090H.3       PUBLIC        HX711_SCK
  D:0064H         PUBLIC        K2
  D:0065H         PUBLIC        K3
  C:0F94H         SYMBOL        L?0220
  -------         PROC          L?0219
  -------         ENDPROC       L?0219
  C:0F94H         SYMBOL        L?0220
  -------         PROC          _DELAY
  D:0006H         SYMBOL        ms
  -------         DO            
  D:000EH         SYMBOL        i
  -------         ENDDO         
  C:0F98H         LINE#         32
BL51 BANKED LINKER/LOCATER V6.22                                                      11/22/2021  16:10:04  PAGE 9


  C:0F98H         LINE#         33
  C:0F98H         LINE#         34
  C:0FA2H         LINE#         35
  C:0FA2H         LINE#         37
  C:0FACH         LINE#         38
  C:0FACH         LINE#         39
  C:0FADH         LINE#         40
  C:0FAEH         LINE#         41
  C:0FAFH         LINE#         42
  C:0FB0H         LINE#         43
  C:0FB4H         LINE#         44
  C:0FB4H         LINE#         45
  -------         ENDPROC       _DELAY
  -------         PROC          LCD_BUSY
  -------         DO            
  B:0020H.2       SYMBOL        result
  -------         ENDDO         
  C:1068H         LINE#         53
  C:1068H         LINE#         54
  C:1068H         LINE#         57
  C:106BH         LINE#         58
  C:106DH         LINE#         59
  C:106FH         LINE#         60
  C:1071H         LINE#         61
  C:1077H         LINE#         62
  C:107CH         LINE#         63
  C:107EH         LINE#         64
  C:1080H         LINE#         65
  -------         ENDPROC       LCD_BUSY
  -------         PROC          _LCD_WCMD
  D:0005H         SYMBOL        cmd
  C:0EE5H         LINE#         73
  C:0EE7H         LINE#         74
  C:0EE7H         LINE#         76
  C:0EECH         LINE#         77
  C:0EEEH         LINE#         78
  C:0EF0H         LINE#         79
  C:0EF2H         LINE#         80
  C:0EF3H         LINE#         81
  C:0EF4H         LINE#         82
  C:0EF6H         LINE#         83
  C:0EFDH         LINE#         84
  C:0EFFH         LINE#         85
  C:0F06H         LINE#         86
  C:0F08H         LINE#         87
  -------         ENDPROC       _LCD_WCMD
  C:0E90H         SYMBOL        L?0217
  C:0E97H         SYMBOL        L?0218
  -------         PROC          L?0216
  -------         ENDPROC       L?0216
  C:0E90H         SYMBOL        L?0217
  C:0E97H         SYMBOL        L?0218
  -------         PROC          _LCD_WDAT
  D:0005H         SYMBOL        dat
  C:0E9BH         LINE#         95
  C:0E9DH         LINE#         96
  C:0E9DH         LINE#         97
BL51 BANKED LINKER/LOCATER V6.22                                                      11/22/2021  16:10:04  PAGE 10


  C:0EA2H         LINE#         98
  C:0EA4H         LINE#         99
  C:0EA6H         LINE#         100
  C:0EA8H         LINE#         101
  C:0EAAH         LINE#         102
  C:0EB1H         LINE#         103
  C:0EB3H         LINE#         104
  C:0EBAH         LINE#         105
  C:0EBCH         LINE#         106
  -------         ENDPROC       _LCD_WDAT
  -------         PROC          LCD_INIT
  C:0E60H         LINE#         113
  C:0E60H         LINE#         114
  C:0E60H         LINE#         118
  C:0E65H         LINE#         119
  C:0E6CH         LINE#         120
  C:0E71H         LINE#         121
  C:0E78H         LINE#         122
  C:0E7DH         LINE#         123
  C:0E84H         LINE#         124
  C:0E89H         LINE#         125
  -------         ENDPROC       LCD_INIT
  -------         PROC          _LCD_POS
  D:0007H         SYMBOL        X
  D:0005H         SYMBOL        Y
  -------         DO            
  D:0007H         SYMBOL        pos
  -------         ENDDO         
  C:0FB5H         LINE#         133
  C:0FB5H         LINE#         134
  C:0FB5H         LINE#         136
  C:0FB8H         LINE#         137
  C:0FBCH         LINE#         138
  C:0FBFH         LINE#         139
  C:0FC3H         LINE#         140
  C:0FC6H         LINE#         141
  C:0FCAH         LINE#         142
  C:0FCDH         LINE#         143
  C:0FCFH         LINE#         144
  C:0FD2H         LINE#         145
  -------         ENDPROC       _LCD_POS
  -------         PROC          L?0215
  -------         ENDPROC       L?0215
  -------         PROC          _LCD_WRITE
  D:0006H         SYMBOL        a
  D:0004H         SYMBOL        b
  D:0009H         SYMBOL        dis
  -------         DO            
  D:000CH         SYMBOL        i
  -------         ENDDO         
  C:0DFEH         LINE#         148
  C:0E04H         LINE#         149
  C:0E04H         LINE#         151
  C:0E07H         LINE#         152
  C:0E0CH         LINE#         153
  C:0E1EH         LINE#         154
  C:0E1EH         LINE#         155
BL51 BANKED LINKER/LOCATER V6.22                                                      11/22/2021  16:10:04  PAGE 11


  C:0E21H         LINE#         156
  C:0E29H         LINE#         157
  C:0E2BH         LINE#         158
  -------         ENDPROC       _LCD_WRITE
  -------         PROC          LCD_GUNPING
  C:069EH         LINE#         160
  C:069EH         LINE#         161
  C:069EH         LINE#         162
  C:06A3H         LINE#         163
  C:06A8H         LINE#         164
  C:06B7H         LINE#         165
  C:06BAH         LINE#         167
  C:06BFH         LINE#         168
  C:06C4H         LINE#         169
  C:06D3H         LINE#         170
  C:06D6H         LINE#         172
  C:06DBH         LINE#         173
  C:06E9H         LINE#         174
  C:06F8H         LINE#         175
  C:06FBH         LINE#         177
  C:0700H         LINE#         178
  C:070FH         LINE#         179
  C:071DH         LINE#         180
  C:0720H         LINE#         182
  C:0725H         LINE#         183
  C:0734H         LINE#         184
  C:0743H         LINE#         185
  C:0746H         LINE#         187
  -------         ENDPROC       LCD_GUNPING
  -------         PROC          _WRITE_DS1302_BYTE
  D:0007H         SYMBOL        temp
  -------         DO            
  D:0006H         SYMBOL        i
  -------         ENDDO         
  C:10C1H         LINE#         24
  C:10C1H         LINE#         25
  C:10C1H         LINE#         27
  C:10C3H         LINE#         28
  C:10C3H         LINE#         29
  C:10C5H         LINE#         30
  C:10C9H         LINE#         31
  C:10CDH         LINE#         32
  C:10CFH         LINE#         33
  C:10D3H         LINE#         34
  -------         ENDPROC       _WRITE_DS1302_BYTE
  -------         PROC          _WRITE_DS1302
  D:0007H         SYMBOL        address
  D:0005H         SYMBOL        dat
  C:0F09H         LINE#         36
  C:0F09H         LINE#         37
  C:0F09H         LINE#         38
  C:0F0BH         LINE#         39
  C:0F0CH         LINE#         40
  C:0F0EH         LINE#         41
  C:0F0FH         LINE#         42
  C:0F11H         LINE#         43
  C:0F12H         LINE#         44
BL51 BANKED LINKER/LOCATER V6.22                                                      11/22/2021  16:10:04  PAGE 12


  C:0F15H         LINE#         45
  C:0F2AH         LINE#         46
  C:0F2CH         LINE#         47
  -------         ENDPROC       _WRITE_DS1302
  -------         PROC          _READ_DS1302
  D:0007H         SYMBOL        address
  -------         DO            
  D:0007H         SYMBOL        i
  D:0005H         SYMBOL        temp
  D:0007H         SYMBOL        dat1
  D:0006H         SYMBOL        dat2
  -------         ENDDO         
  C:0CAAH         LINE#         49
  C:0CAAH         LINE#         50
  C:0CAAH         LINE#         51
  C:0CACH         LINE#         52
  C:0CAEH         LINE#         53
  C:0CAFH         LINE#         54
  C:0CB1H         LINE#         55
  C:0CB2H         LINE#         56
  C:0CB4H         LINE#         57
  C:0CB5H         LINE#         58
  C:0CB8H         LINE#         59
  C:0CBAH         LINE#         60
  C:0CBAH         LINE#         61
  C:0CBCH         LINE#         62
  C:0CC0H         LINE#         63
  C:0CC3H         LINE#         64
  C:0CC6H         LINE#         65
  C:0CC8H         LINE#         66
  C:0CCCH         LINE#         67
  C:0CCEH         LINE#         68
  C:0CCFH         LINE#         69
  C:0CD1H         LINE#         70
  C:0CD3H         LINE#         71
  C:0CD4H         LINE#         72
  C:0CD6H         LINE#         73
  C:0CD7H         LINE#         74
  C:0CD9H         LINE#         75
  C:0CDAH         LINE#         76
  C:0CDCH         LINE#         77
  C:0CDDH         LINE#         78
  C:0CE2H         LINE#         79
  C:0CE6H         LINE#         80
  C:0CECH         LINE#         81
  C:0CEDH         LINE#         82
  -------         ENDPROC       _READ_DS1302
  -------         PROC          DS_INIT
  -------         DO            
  D:0003H         SYMBOL        i
  D:0004H         SYMBOL        add
  -------         ENDDO         
  C:0F2DH         LINE#         85
  C:0F2DH         LINE#         86
  C:0F2DH         LINE#         88
  C:0F2FH         LINE#         89
  C:0F36H         LINE#         90
BL51 BANKED LINKER/LOCATER V6.22                                                      11/22/2021  16:10:04  PAGE 13


  C:0F38H         LINE#         91
  C:0F38H         LINE#         92
  C:0F43H         LINE#         93
  C:0F45H         LINE#         94
  C:0F49H         LINE#         95
  -------         ENDPROC       DS_INIT
  -------         PROC          DS_GET
  -------         DO            
  D:0003H         SYMBOL        i
  D:0004H         SYMBOL        add
  -------         ENDDO         
  C:0BCCH         LINE#         98
  C:0BCCH         LINE#         99
  C:0BCCH         LINE#         101
  C:0BCEH         LINE#         102
  C:0BD5H         LINE#         103
  C:0BD7H         LINE#         104
  C:0BD7H         LINE#         105
  C:0BE2H         LINE#         106
  C:0BE4H         LINE#         107
  C:0BE8H         LINE#         108
  C:0BEFH         LINE#         109
  C:0BF5H         LINE#         110
  C:0BFBH         LINE#         111
  C:0C01H         LINE#         112
  C:0C07H         LINE#         113
  C:0C0DH         LINE#         114
  C:0C13H         LINE#         115
  C:0C19H         LINE#         116
  -------         ENDPROC       DS_GET
  -------         PROC          LCD_TIMEDISPALY
  C:0A67H         LINE#         118
  C:0A67H         LINE#         119
  C:0A67H         LINE#         121
  C:0A6DH         LINE#         139
  C:0A74H         LINE#         140
  C:0A86H         LINE#         141
  C:0A8BH         LINE#         142
  C:0A92H         LINE#         143
  C:0AA4H         LINE#         144
  C:0AA9H         LINE#         145
  C:0AB0H         LINE#         146
  -------         ENDPROC       LCD_TIMEDISPALY
  -------         PROC          _SET_TIME
  D:0007H         SYMBOL        num
  C:04BEH         LINE#         154
  C:04BEH         LINE#         155
  C:04BEH         LINE#         156
  C:04DBH         LINE#         157
  C:04DBH         LINE#         158
  C:04DBH         LINE#         159
  C:04E9H         LINE#         160
  C:04E9H         LINE#         161
  C:04F1H         LINE#         162
  C:04F1H         LINE#         163
  C:04F1H         LINE#         164
  C:04F4H         LINE#         165
BL51 BANKED LINKER/LOCATER V6.22                                                      11/22/2021  16:10:04  PAGE 14


  C:04F4H         LINE#         166
  C:0501H         LINE#         167
  C:0501H         LINE#         168
  C:0509H         LINE#         169
  C:0509H         LINE#         170
  C:0519H         LINE#         171
  C:0519H         LINE#         172
  C:051CH         LINE#         173
  C:051CH         LINE#         174
  C:0529H         LINE#         175
  C:0529H         LINE#         176
  C:0531H         LINE#         177
  C:0531H         LINE#         178
  C:0541H         LINE#         179
  C:0541H         LINE#         180
  C:0543H         LINE#         181
  C:0543H         LINE#         182
  C:0550H         LINE#         183
  C:0550H         LINE#         184
  C:0558H         LINE#         185
  C:0558H         LINE#         186
  C:0568H         LINE#         187
  C:0568H         LINE#         188
  C:056AH         LINE#         189
  C:056AH         LINE#         190
  C:0577H         LINE#         191
  C:0577H         LINE#         192
  C:057FH         LINE#         193
  C:057FH         LINE#         194
  C:058FH         LINE#         195
  C:058FH         LINE#         196
  C:0591H         LINE#         197
  C:0591H         LINE#         198
  C:059EH         LINE#         199
  C:059EH         LINE#         200
  C:05A6H         LINE#         201
  C:05A6H         LINE#         202
  C:05B6H         LINE#         203
  C:05C1H         LINE#         204
  C:05C8H         LINE#         205
  C:05C8H         LINE#         206
  C:05C8H         LINE#         207
  -------         ENDPROC       _SET_TIME
  -------         PROC          _CHANGE_TIME
  D:0007H         SYMBOL        year
  D:0005H         SYMBOL        mon
  D:0003H         SYMBOL        day
  D:0012H         SYMBOL        hour
  D:0013H         SYMBOL        min
  D:0014H         SYMBOL        week
  C:1097H         LINE#         209
  C:1097H         LINE#         210
  C:1097H         LINE#         211
  C:1099H         LINE#         212
  C:109BH         LINE#         213
  C:109DH         LINE#         214
  C:10A0H         LINE#         215
BL51 BANKED LINKER/LOCATER V6.22                                                      11/22/2021  16:10:04  PAGE 15


  C:10A3H         LINE#         216
  C:10A6H         LINE#         217
  C:10A9H         LINE#         218
  -------         ENDPROC       _CHANGE_TIME
  -------         PROC          ISP_IAP_ENABLE
  C:1153H         LINE#         42
  C:1153H         LINE#         43
  C:1153H         LINE#         44
  C:1155H         LINE#         45
  C:1158H         LINE#         46
  C:115BH         LINE#         47
  C:115EH         LINE#         48
  -------         ENDPROC       ISP_IAP_ENABLE
  -------         PROC          ISP_IAP_DISABLE
  C:116AH         LINE#         50
  C:116AH         LINE#         51
  C:116AH         LINE#         52
  C:116DH         LINE#         53
  C:1170H         LINE#         54
  C:1172H         LINE#         55
  -------         ENDPROC       ISP_IAP_DISABLE
  -------         PROC          ISPGOON
  C:115FH         LINE#         57
  C:115FH         LINE#         58
  C:115FH         LINE#         59
  C:1162H         LINE#         60
  C:1165H         LINE#         61
  C:1168H         LINE#         62
  C:1169H         LINE#         63
  -------         ENDPROC       ISPGOON
  -------         PROC          _BYTE_READ
  D:0004H         SYMBOL        byte_addr
  C:1030H         LINE#         65
  C:1034H         LINE#         66
  C:1034H         LINE#         67
  C:1036H         LINE#         68
  C:1038H         LINE#         69
  C:103BH         LINE#         70
  C:103EH         LINE#         71
  C:1041H         LINE#         72
  C:1044H         LINE#         73
  C:1047H         LINE#         74
  C:1049H         LINE#         75
  C:104BH         LINE#         76
  -------         ENDPROC       _BYTE_READ
  -------         PROC          _SECTORERASE
  D:0006H         SYMBOL        sector_addr
  -------         DO            
  D:0006H         SYMBOL        iSectorAddr
  -------         ENDDO         
  C:10ACH         LINE#         78
  C:10ACH         LINE#         79
  C:10ACH         LINE#         81
  C:10B0H         LINE#         82
  C:10B2H         LINE#         83
  C:10B5H         LINE#         84
  C:10B8H         LINE#         85
BL51 BANKED LINKER/LOCATER V6.22                                                      11/22/2021  16:10:04  PAGE 16


  C:10BBH         LINE#         86
  C:10BEH         LINE#         87
  -------         ENDPROC       _SECTORERASE
  -------         PROC          _BYTE_WRITE
  D:0002H         SYMBOL        byte_addr
  D:0005H         SYMBOL        original_data
  C:104CH         LINE#         90
  C:1050H         LINE#         91
  C:1050H         LINE#         92
  C:1052H         LINE#         94
  C:1054H         LINE#         95
  C:1057H         LINE#         96
  C:105AH         LINE#         97
  C:105DH         LINE#         98
  C:105FH         LINE#         99
  C:1062H         LINE#         100
  C:1065H         LINE#         101
  C:1067H         LINE#         102
  -------         ENDPROC       _BYTE_WRITE
  -------         PROC          DELAY__HX711_US
  C:0003H         LINE#         34
  C:0003H         LINE#         35
  C:0003H         LINE#         36
  C:0004H         LINE#         37
  C:0005H         LINE#         38
  -------         ENDPROC       DELAY__HX711_US
  -------         PROC          HX711_READ
  -------         DO            
  D:0004H         SYMBOL        count
  D:0003H         SYMBOL        i
  -------         ENDDO         
  C:0DB7H         LINE#         43
  C:0DB7H         LINE#         44
  C:0DB7H         LINE#         47
  C:0DB9H         LINE#         48
  C:0DBCH         LINE#         49
  C:0DBEH         LINE#         50
  C:0DC6H         LINE#         51
  C:0DC9H         LINE#         52
  C:0DCBH         LINE#         53
  C:0DCBH         LINE#         54
  C:0DCDH         LINE#         55
  C:0DD2H         LINE#         56
  C:0DD4H         LINE#         57
  C:0DD7H         LINE#         58
  C:0DE4H         LINE#         59
  C:0DE8H         LINE#         60
  C:0DEAH         LINE#         61
  C:0DEEH         LINE#         62
  C:0DF1H         LINE#         63
  C:0DF3H         LINE#         64
  C:0DF3H         LINE#         65
  -------         ENDPROC       HX711_READ
  -------         PROC          WRITE_EEPROM
  C:0EBDH         LINE#         68
  C:0EBDH         LINE#         69
  C:0EBDH         LINE#         70
BL51 BANKED LINKER/LOCATER V6.22                                                      11/22/2021  16:10:04  PAGE 17


  C:0EC4H         LINE#         71
  C:0ECAH         LINE#         72
  C:0ED1H         LINE#         73
  C:0ED8H         LINE#         74
  C:0EDEH         LINE#         75
  -------         ENDPROC       WRITE_EEPROM
  -------         PROC          READ_EEPROM
  C:0F50H         LINE#         79
  C:0F50H         LINE#         80
  C:0F50H         LINE#         81
  C:0F5CH         LINE#         82
  C:0F6AH         LINE#         83
  C:0F71H         LINE#         84
  -------         ENDPROC       READ_EEPROM
  -------         PROC          INIT_EEPROM
  C:1081H         LINE#         87
  C:1081H         LINE#         88
  C:1081H         LINE#         89
  C:1084H         LINE#         90
  C:108AH         LINE#         91
  C:108AH         LINE#         92
  C:1090H         LINE#         93
  C:1093H         LINE#         94
  C:1096H         LINE#         95
  C:1096H         LINE#         96
  -------         ENDPROC       INIT_EEPROM
  -------         PROC          DISPLAY_WEIGHT
  C:097AH         LINE#         99
  C:097AH         LINE#         100
  C:097AH         LINE#         101
  C:0981H         LINE#         103
  C:0996H         LINE#         104
  C:09BDH         LINE#         105
  C:09C2H         LINE#         106
  C:09E8H         LINE#         109
  C:09EDH         LINE#         110
  -------         ENDPROC       DISPLAY_WEIGHT
  -------         PROC          GET_WEIGHT
  C:03B0H         LINE#         116
  C:03B0H         LINE#         117
  C:03B0H         LINE#         118
  C:03BBH         LINE#         119
  C:03D4H         LINE#         120
  C:0421H         LINE#         121
  C:0435H         LINE#         122
  C:0435H         LINE#         123
  C:0437H         LINE#         124
  C:0439H         LINE#         125
  C:0440H         LINE#         126
  C:0442H         LINE#         127
  C:0444H         LINE#         129
  C:044BH         LINE#         130
  C:0450H         LINE#         131
  C:0455H         LINE#         132
  C:045AH         LINE#         133
  C:045FH         LINE#         134
  C:0464H         LINE#         135
BL51 BANKED LINKER/LOCATER V6.22                                                      11/22/2021  16:10:04  PAGE 18


  C:0469H         LINE#         136
  C:0469H         LINE#         138
  C:0469H         LINE#         139
  C:0469H         LINE#         140
  C:0469H         LINE#         141
  C:04B0H         LINE#         142
  C:04B0H         LINE#         143
  C:04B2H         LINE#         144
  C:04B4H         LINE#         145
  C:04B6H         LINE#         146
  C:04BAH         LINE#         147
  C:04BDH         LINE#         148
  C:04BDH         LINE#         149
  -------         ENDPROC       GET_WEIGHT
  -------         PROC          GET_MAOPI
  -------         DO            
  D:0009H         SYMBOL        clear
  C:0874H         SYMBOL        mm
  -------         ENDDO         
  C:0874H         LINE#         154
  C:0874H         LINE#         155
  C:0874H         LINE#         157
  C:087FH         LINE#         158
  C:0882H         LINE#         159
  C:0882H         LINE#         160
  C:0884H         LINE#         161
  C:088BH         LINE#         162
  C:0892H         LINE#         163
  C:089BH         LINE#         164
  C:08A6H         LINE#         165
  C:08F0H         LINE#         166
  C:08F0H         LINE#         167
  C:08F2H         LINE#         168
  C:08F9H         LINE#         169
  C:08FBH         LINE#         170
  -------         ENDPROC       GET_MAOPI
  -------         PROC          _DELAY_MS
  D:0006H         SYMBOL        n
  -------         DO            
  D:0004H         SYMBOL        i
  D:0002H         SYMBOL        j
  -------         ENDDO         
  C:0FD5H         LINE#         175
  C:0FD5H         LINE#         176
  C:0FD5H         LINE#         178
  C:0FDFH         LINE#         179
  C:0FF4H         LINE#         180
  -------         ENDPROC       _DELAY_MS
  -------         PROC          TIMER0_INIT
  C:1145H         LINE#         183
  C:1145H         LINE#         184
  C:1145H         LINE#         185
  C:1147H         LINE#         186
  C:114AH         LINE#         187
  C:114DH         LINE#         188
  C:1150H         LINE#         189
  C:1152H         LINE#         190
BL51 BANKED LINKER/LOCATER V6.22                                                      11/22/2021  16:10:04  PAGE 19


  -------         ENDPROC       TIMER0_INIT
  -------         PROC          TIMER0_ISR
  -------         DO            
  D:0008H         SYMBOL        Counter
  -------         ENDDO         
  C:1013H         LINE#         193
  C:1017H         LINE#         196
  C:101AH         LINE#         197
  C:101DH         LINE#         200
  C:101FH         LINE#         201
  C:1026H         LINE#         202
  C:1026H         LINE#         203
  C:1028H         LINE#         204
  C:102BH         LINE#         205
  C:102BH         LINE#         206
  -------         ENDPROC       TIMER0_ISR
  -------         PROC          _DELAY2
  D:0006H         SYMBOL        z
  -------         DO            
  D:0006H         SYMBOL        x
  D:0004H         SYMBOL        y
  -------         ENDDO         
  C:0FF5H         LINE#         31
  C:0FF5H         LINE#         32
  C:0FF5H         LINE#         34
  C:0FFEH         LINE#         35
  C:1012H         LINE#         36
  -------         ENDPROC       _DELAY2
  -------         PROC          L?0221
  -------         ENDPROC       L?0221
  -------         PROC          _DELAY1MS
  D:0006H         SYMBOL        aa
  -------         DO            
  D:0005H         SYMBOL        bb
  -------         ENDDO         
  C:0F7EH         LINE#         38
  C:0F7EH         LINE#         39
  C:0F7EH         LINE#         41
  C:0F88H         LINE#         42
  C:0F88H         LINE#         43
  C:0F90H         LINE#         44
  C:0F90H         LINE#         45
  C:0F93H         LINE#         46
  C:0F93H         LINE#         48
  -------         ENDPROC       _DELAY1MS
  -------         PROC          MOTOR_ZZ
  -------         DO            
  D:0003H         SYMBOL        i
  D:0001H         SYMBOL        j
  -------         ENDDO         
  C:0B1CH         LINE#         49
  C:0B1CH         LINE#         50
  C:0B1CH         LINE#         52
  C:0B1EH         LINE#         53
  C:0B1EH         LINE#         54
  C:0B20H         LINE#         55
  C:0B20H         LINE#         56
BL51 BANKED LINKER/LOCATER V6.22                                                      11/22/2021  16:10:04  PAGE 20


  C:0B34H         LINE#         57
  C:0B48H         LINE#         58
  C:0B5CH         LINE#         59
  C:0B68H         LINE#         60
  C:0B6BH         LINE#         61
  C:0B6FH         LINE#         62
  C:0B73H         LINE#         64
  -------         ENDPROC       MOTOR_ZZ
  -------         PROC          MOTOR_FZ
  -------         DO            
  D:0003H         SYMBOL        i
  D:0001H         SYMBOL        j
  -------         ENDDO         
  C:0B74H         LINE#         66
  C:0B74H         LINE#         67
  C:0B74H         LINE#         69
  C:0B76H         LINE#         70
  C:0B76H         LINE#         71
  C:0B78H         LINE#         72
  C:0B78H         LINE#         73
  C:0B8CH         LINE#         74
  C:0BA0H         LINE#         75
  C:0BB4H         LINE#         76
  C:0BC0H         LINE#         77
  C:0BC3H         LINE#         78
  C:0BC7H         LINE#         79
  C:0BCBH         LINE#         81
  -------         ENDPROC       MOTOR_FZ
  -------         PROC          MIAOBIAODISPLAY
  -------         DO            
  D:0009H         SYMBOL        i
  -------         ENDDO         
  C:08FCH         LINE#         102
  C:08FCH         LINE#         103
  C:08FCH         LINE#         105
  C:0904H         LINE#         106
  C:0906H         LINE#         107
  C:090CH         LINE#         108
  C:0911H         LINE#         109
  C:0916H         LINE#         110
  C:091BH         LINE#         114
  C:0934H         LINE#         115
  C:0946H         LINE#         116
  C:094DH         LINE#         119
  C:0955H         LINE#         120
  C:095BH         LINE#         121
  C:095FH         LINE#         122
  C:095FH         LINE#         124
  C:0967H         LINE#         125
  C:096DH         LINE#         128
  C:0970H         LINE#         130
  C:0976H         LINE#         131
  C:0979H         LINE#         132
  C:0979H         LINE#         134
  C:0979H         LINE#         135
  -------         ENDPROC       MIAOBIAODISPLAY
  -------         PROC          MODLE1
BL51 BANKED LINKER/LOCATER V6.22                                                      11/22/2021  16:10:04  PAGE 21


  C:0CEEH         LINE#         136
  C:0CEEH         LINE#         137
  C:0CEEH         LINE#         138
  C:0CFEH         LINE#         139
  C:0D0DH         LINE#         140
  C:0D1EH         LINE#         141
  C:0D2FH         LINE#         145
  -------         ENDPROC       MODLE1
  -------         PROC          MODLE2
  C:0C1AH         LINE#         147
  C:0C1AH         LINE#         148
  C:0C1AH         LINE#         150
  C:0C2AH         LINE#         151
  C:0C39H         LINE#         152
  C:0C4AH         LINE#         153
  C:0C5BH         LINE#         155
  C:0C61H         LINE#         156
  -------         ENDPROC       MODLE2
  -------         PROC          MODLE3
  C:0C62H         LINE#         158
  C:0C62H         LINE#         159
  C:0C62H         LINE#         161
  C:0C72H         LINE#         162
  C:0C81H         LINE#         163
  C:0C92H         LINE#         164
  C:0CA3H         LINE#         165
  C:0CA9H         LINE#         166
  -------         ENDPROC       MODLE3
  -------         PROC          ERSHI
  C:1118H         LINE#         168
  C:1118H         LINE#         169
  C:1118H         LINE#         171
  -------         ENDPROC       ERSHI
  -------         PROC          SANSHI
  C:1127H         LINE#         176
  C:1127H         LINE#         177
  C:1127H         LINE#         179
  -------         ENDPROC       SANSHI
  -------         PROC          SISHI
  C:1136H         LINE#         184
  C:1136H         LINE#         185
  C:1136H         LINE#         187
  -------         ENDPROC       SISHI
  -------         PROC          YIQIAN
  C:10D4H         LINE#         192
  C:10D4H         LINE#         193
  C:10D4H         LINE#         195
  -------         ENDPROC       YIQIAN
  -------         PROC          YIQIANER
  C:10E5H         LINE#         200
  C:10E5H         LINE#         201
  C:10E5H         LINE#         203
  -------         ENDPROC       YIQIANER
  -------         PROC          WUKG
  C:10F6H         LINE#         208
  C:10F6H         LINE#         209
  C:10F6H         LINE#         211
BL51 BANKED LINKER/LOCATER V6.22                                                      11/22/2021  16:10:04  PAGE 22


  -------         ENDPROC       WUKG
  -------         PROC          BAKG
  C:1107H         LINE#         216
  C:1107H         LINE#         217
  C:1107H         LINE#         220
  -------         ENDPROC       BAKG
  -------         PROC          QINGPING
  C:0D76H         LINE#         224
  C:0D76H         LINE#         225
  C:0D76H         LINE#         227
  C:0D86H         LINE#         228
  C:0D95H         LINE#         229
  C:0DA6H         LINE#         230
  -------         ENDPROC       QINGPING
  -------         PROC          KEYSCAN
  -------         DO            
  D:0007H         SYMBOL        cord_l
  D:0006H         SYMBOL        cord_h
  -------         ENDDO         
  C:0E2CH         LINE#         236
  C:0E2CH         LINE#         237
  C:0E2CH         LINE#         239
  C:0E2FH         LINE#         240
  C:0E37H         LINE#         241
  C:0E37H         LINE#         242
  C:0E3EH         LINE#         243
  C:0E46H         LINE#         244
  C:0E46H         LINE#         245
  C:0E4BH         LINE#         246
  C:0E4FH         LINE#         247
  C:0E54H         LINE#         248
  C:0E5CH         LINE#         249
  C:0E5FH         LINE#         250
  C:0E5FH         LINE#         251
  C:0E5FH         LINE#         252
  -------         ENDPROC       KEYSCAN
  -------         PROC          KEYPRO
  C:09F2H         LINE#         254
  C:09F2H         LINE#         255
  C:09F2H         LINE#         256
  C:0A21H         LINE#         257
  C:0A21H         LINE#         258
  C:0A2FH         LINE#         259
  C:0A3DH         LINE#         260
  C:0A4BH         LINE#         263
  C:0A4EH         LINE#         264
  C:0A51H         LINE#         265
  C:0A54H         LINE#         268
  C:0A57H         LINE#         269
  C:0A5AH         LINE#         270
  C:0A5DH         LINE#         273
  C:0A60H         LINE#         274
  C:0A63H         LINE#         275
  C:0A66H         LINE#         277
  C:0A66H         LINE#         278
  -------         ENDPROC       KEYPRO
  -------         PROC          MAIN
BL51 BANKED LINKER/LOCATER V6.22                                                      11/22/2021  16:10:04  PAGE 23


  C:05C9H         LINE#         283
  C:05C9H         LINE#         284
  C:05C9H         LINE#         289
  C:05D0H         LINE#         291
  C:05D3H         LINE#         293
  C:05D6H         LINE#         294
  C:05D9H         LINE#         295
  C:05DCH         LINE#         297
  C:05DFH         LINE#         300
  C:05E1H         LINE#         304
  C:05E3H         LINE#         307
  C:05E6H         LINE#         309
  C:05E6H         LINE#         310
  C:05E6H         LINE#         312
  C:05E9H         LINE#         314
  C:05ECH         LINE#         315
  C:05EFH         LINE#         316
  C:0611H         LINE#         317
  C:0614H         LINE#         319
  C:0614H         LINE#         320
  C:0637H         LINE#         321
  C:063AH         LINE#         323
  C:063AH         LINE#         324
  C:064FH         LINE#         325
  C:0652H         LINE#         327
  C:0652H         LINE#         328
  C:0652H         LINE#         331
  C:0652H         LINE#         333
  C:065FH         LINE#         334
  C:0661H         LINE#         335
  C:0663H         LINE#         336
  C:066AH         LINE#         337
  C:066CH         LINE#         340
  C:066CH         LINE#         341
  C:0672H         LINE#         342
  C:0672H         LINE#         343
  C:0676H         LINE#         344
  C:067EH         LINE#         345
  C:067EH         LINE#         349
  C:068DH         LINE#         351
  C:0690H         LINE#         352
  C:0690H         LINE#         353
  C:0693H         LINE#         354
  C:0695H         LINE#         355
  C:0695H         LINE#         358
  C:0698H         LINE#         359
  C:069BH         LINE#         362
  -------         ENDPROC       MAIN
  -------         ENDMOD        TEST

  -------         MODULE        ?C?FPDIV
  C:0011H         PUBLIC        ?C?FPDIV
  -------         ENDMOD        ?C?FPDIV

  -------         MODULE        ?C?FCAST
  C:00B8H         PUBLIC        ?C?FCASTC
  C:00B3H         PUBLIC        ?C?FCASTI
BL51 BANKED LINKER/LOCATER V6.22                                                      11/22/2021  16:10:04  PAGE 24


  C:00AEH         PUBLIC        ?C?FCASTL
  -------         ENDMOD        ?C?FCAST

  -------         MODULE        ?C?CASTF
  C:00ECH         PUBLIC        ?C?CASTF
  -------         ENDMOD        ?C?CASTF

  -------         MODULE        ?C?CLDOPTR
  C:016DH         PUBLIC        ?C?CLDOPTR
  -------         ENDMOD        ?C?CLDOPTR

  -------         MODULE        ?C?UIDIV
  C:019AH         PUBLIC        ?C?UIDIV
  -------         ENDMOD        ?C?UIDIV

  -------         MODULE        ?C?SIDIV
  C:01EFH         PUBLIC        ?C?SIDIV
  -------         ENDMOD        ?C?SIDIV

  -------         MODULE        ?C?LMUL
  C:0225H         PUBLIC        ?C?LMUL
  -------         ENDMOD        ?C?LMUL

  -------         MODULE        ?C?ULDIV
  C:02B0H         PUBLIC        ?C?ULDIV
  -------         ENDMOD        ?C?ULDIV

  -------         MODULE        ?C?SLDIV
  C:0D32H         PUBLIC        ?C?SLDIV
  -------         ENDMOD        ?C?SLDIV

  -------         MODULE        ?C?LNEG
  C:0342H         PUBLIC        ?C?LNEG
  -------         ENDMOD        ?C?LNEG

  -------         MODULE        ?C?SLCMP
  C:0350H         PUBLIC        ?C?SLCMP
  -------         ENDMOD        ?C?SLCMP

  -------         MODULE        ?C?ULCMP
  C:0366H         PUBLIC        ?C?ULCMP
  -------         ENDMOD        ?C?ULCMP

  -------         MODULE        ?C?LSHL
  C:0377H         PUBLIC        ?C?LSHL
  -------         ENDMOD        ?C?LSHL

  -------         MODULE        ?C?CCASE
  C:038AH         PUBLIC        ?C?CCASE
  -------         ENDMOD        ?C?CCASE

*** WARNING L16: UNCALLED SEGMENT, IGNORED FOR OVERLAY PROCESS
    SEGMENT: ?PR?_SET_TIME?TEST

*** WARNING L16: UNCALLED SEGMENT, IGNORED FOR OVERLAY PROCESS
    SEGMENT: ?PR?_CHANGE_TIME?TEST

BL51 BANKED LINKER/LOCATER V6.22                                                      11/22/2021  16:10:04  PAGE 25


*** WARNING L16: UNCALLED SEGMENT, IGNORED FOR OVERLAY PROCESS
    SEGMENT: ?PR?QINGPING?TEST

*** WARNING L1: UNRESOLVED EXTERNAL SYMBOL
    SYMBOL:  SYIQIANER
    MODULE:  .\Objects\test.obj (TEST)

*** WARNING L2: REFERENCE MADE TO UNRESOLVED EXTERNAL
    SYMBOL:  SYIQIANER
    MODULE:  .\Objects\test.obj (TEST)
    ADDRESS: 0A61H

Program Size: data=91.3 xdata=0 code=4462
LINK/LOCATE RUN COMPLETE.  5 WARNING(S),  0 ERROR(S)
